// Jest Snapshot v1, https://goo.gl/fbAQLP

exports[`Header should render fine 1`] = `ShallowWrapper {}`;
