// Jest Snapshot v1, https://goo.gl/fbAQLP

exports[`Footer should render fine 1`] = `ShallowWrapper {}`;
